******************************************************************************
                  TI ARM Linker PC v20.2.5                     
******************************************************************************
>> Linked Tue Nov 29 16:05:40 2022

OUTPUT FILE NAME:   <CSE5342_Drawing.out>
ENTRY POINT SYMBOL: "_c_int00_noargs"  address: 0000545d


MEMORY CONFIGURATION

         name            origin    length      used     unused   attr    fill
----------------------  --------  ---------  --------  --------  ----  --------
  FLASH                 00000000   00040000  00005709  0003a8f7  R  X
  SRAM                  20000000   00008000  00001791  0000686f  RW X


SEGMENT ALLOCATION MAP

run origin  load origin   length   init length attrs members
----------  ----------- ---------- ----------- ----- -------
00000000    00000000    00005710   00005710    r-x
  00000000    00000000    0000026c   0000026c    r-- .intvecs
  0000026c    0000026c    0000536c   0000536c    r-x .text
  000055d8    000055d8    00000101   00000101    r-- .const
  000056e0    000056e0    00000030   00000030    r-- .cinit
20000000    20000000    00001794   00000000    rw-
  20000000    20000000    00001000   00000000    rw- .stack
  20001000    20001000    00000781   00000000    rw- .bss
  20001784    20001784    00000010   00000000    rw- .data


SECTION ALLOCATION MAP

 output                                  attributes/
section   page    origin      length       input sections
--------  ----  ----------  ----------   ----------------
.intvecs   0    00000000    0000026c     
                  00000000    0000026c     tm4c123gh6pm_startup_ccs.obj (.intvecs)

.text      0    0000026c    0000536c     
                  0000026c    0000253c     main.obj (.text)
                  000027a8    00000a4e     rtsv7M4_T_le_v4SPD16_eabi.lib : _printfi.c.obj (.text:__TI_printfi)
                  000031f6    00000002                                   : div0.asm.obj (.text)
                  000031f8    000007e4     gpio.obj (.text)
                  000039dc    000003c4     i2c0.obj (.text)
                  00003da0    00000270     rtsv7M4_T_le_v4SPD16_eabi.lib : _printfi.c.obj (.text:_pconv_a)
                  00004010    000001d0                                   : _printfi.c.obj (.text:_pconv_g)
                  000041e0    000001b6                                   : fd_add_t2.asm.obj (.text)
                  00004396    00000002     --HOLE-- [fill = 0]
                  00004398    0000013c                                   : _printfi.c.obj (.text:_pconv_e)
                  000044d4    00000136                                   : fd_div_t2.asm.obj (.text)
                  0000460a    0000012e     i2c0_lcd.obj (.text)
                  00004738    00000128     uart0.obj (.text)
                  00004860    00000124     rtsv7M4_T_le_v4SPD16_eabi.lib : _printfi.c.obj (.text:fcvt)
                  00004984    00000110                                   : s_scalbn.c.obj (.text:scalbn)
                  00004a94    000000fc                                   : fd_mul_t2.asm.obj (.text)
                  00004b90    000000d4     nvic.obj (.text)
                  00004c64    000000b1     rtsv7M4_T_le_v4SPD16_eabi.lib : _printfi.c.obj (.text:_ltostr)
                  00004d15    00000001     --HOLE-- [fill = 0]
                  00004d16    0000009c                                   : memcpy_t2.asm.obj (.text)
                  00004db2    00000096                                   : ull_div_t2.asm.obj (.text)
                  00004e48    00000086                                   : fd_cmp_t2.asm.obj (.text:__aeabi_cdcmple)
                  00004ece    00000086                                   : fd_cmp_t2.asm.obj (.text:__aeabi_cdrcmple)
                  00004f54    00000084     eeprom.obj (.text)
                  00004fd8    0000007a     rtsv7M4_T_le_v4SPD16_eabi.lib : memset_t2.asm.obj (.text)
                  00005052    0000006e                                   : _printfi.c.obj (.text:_mcpy)
                  000050c0    00000068                                   : copy_decompress_lzss.c.obj (.text:decompress:lzss:__TI_decompress_lzss)
                  00005128    00000064                                   : s_frexp.c.obj (.text:frexp)
                  0000518c    00000056                                   : _printfi.c.obj (.text:_pconv_f)
                  000051e2    00000054                                   : _ltoa.c.obj (.text:__TI_ltoa)
                  00005236    00000052                                   : _printfi.c.obj (.text:_ecpy)
                  00005288    0000004c                                   : atoi.c.obj (.text:atoi)
                  000052d4    00000048                                   : fd_toi_t2.asm.obj (.text)
                  0000531c    00000044                                   : autoinit.c.obj (.text:__TI_auto_init_nobinit_nopinit:__TI_auto_init_nobinit_nopinit)
                  00005360    00000044                                   : fd_tou_t2.asm.obj (.text)
                  000053a4    00000040                                   : sprintf.c.obj (.text:sprintf)
                  000053e4    0000003e                                   : _printfi.c.obj (.text:_fcpy)
                  00005422    00000038                                   : fs_tod_t2.asm.obj (.text)
                  0000545a    00000002     --HOLE-- [fill = 0]
                  0000545c    00000034                                   : boot_cortex_m.c.obj (.text:_c_int00_noargs:_c_int00_noargs)
                  00005490    0000002e                                   : i_tofd_t2.asm.obj (.text)
                  000054be    00000020                                   : u_tofd_t2.asm.obj (.text)
                  000054de    00000020     wait.obj (.text)
                  000054fe    0000001c     rtsv7M4_T_le_v4SPD16_eabi.lib : memccpy.c.obj (.text:memccpy)
                  0000551a    0000001a                                   : s_copysign.c.obj (.text:copysign)
                  00005534    00000018                                   : sprintf.c.obj (.text:_outs)
                  0000554c    00000016                                   : strchr.c.obj (.text:strchr)
                  00005562    00000014                                   : strlen.c.obj (.text:strlen)
                  00005576    00000012                                   : wcslen.c.obj (.text:wcslen)
                  00005588    00000010     clock.obj (.text)
                  00005598    0000000e     rtsv7M4_T_le_v4SPD16_eabi.lib : copy_decompress_none.c.obj (.text:decompress:none:__TI_decompress_none)
                  000055a6    0000000c                                   : copy_zero_init.c.obj (.text:decompress:ZI:__TI_zero_init)
                  000055b2    0000000c     tm4c123gh6pm_startup_ccs.obj (.text)
                  000055be    0000000a     rtsv7M4_T_le_v4SPD16_eabi.lib : sprintf.c.obj (.text:_outc)
                  000055c8    00000008                                   : errno.c.obj (.text:__aeabi_errno_addr)
                  000055d0    00000004                                   : pre_init.c.obj (.text:_system_pre_init)
                  000055d4    00000004                                   : exit.c.obj (.text:abort:abort)

.const     0    000055d8    00000101     
                  000055d8    00000101     rtsv7M4_T_le_v4SPD16_eabi.lib : ctype.c.obj (.const:.string:_ctypes_)

.cinit     0    000056e0    00000030     
                  000056e0    0000000c     (__TI_handler_table)
                  000056ec    00000004     --HOLE-- [fill = 0]
                  000056f0    00000008     (.cinit..bss.load) [load image, compression = zero_init]
                  000056f8    00000007     (.cinit..data.load) [load image, compression = lzss]
                  000056ff    00000001     --HOLE-- [fill = 0]
                  00005700    00000010     (__TI_cinit_table)

.init_array 
*          0    00000000    00000000     UNINITIALIZED

.bss       0    20001000    00000781     UNINITIALIZED
                  20001000    00000190     (.common:x1)
                  20001190    00000190     (.common:y1)
                  20001320    000000c8     (.common:beepBuffer)
                  200013e8    000000c8     (.common:sensor0AveBuffer)
                  200014b0    000000c8     (.common:sensor1AveBuffer)
                  20001578    000000c8     (.common:sensor2AveBuffer)
                  20001640    00000066     (.common:msg)
                  200016a6    00000034     (.common:strm)
                  200016da    00000002     (.common:NodSensor)
                  200016dc    00000004     (.common:S0_X)
                  200016e0    00000004     (.common:S0_Y)
                  200016e4    00000004     (.common:S1_X)
                  200016e8    00000004     (.common:S1_Y)
                  200016ec    00000004     (.common:S2_X)
                  200016f0    00000004     (.common:S2_Y)
                  200016f4    00000004     (.common:Ux1)
                  200016f8    00000004     (.common:Uy1)
                  200016fc    00000004     (.common:averageN)
                  20001700    00000004     (.common:averageWriteIndex0)
                  20001704    00000004     (.common:averageWriteIndex1)
                  20001708    00000004     (.common:averageWriteIndex2)
                  2000170c    00000004     (.common:avgValue0)
                  20001710    00000004     (.common:avgValue1)
                  20001714    00000004     (.common:avgValue2)
                  20001718    00000004     (.common:beepReadIndex)
                  2000171c    00000004     (.common:beepWriteIndex)
                  20001720    00000004     (.common:count)
                  20001724    00000004     (.common:ka)
                  20001728    00000004     (.common:kb)
                  2000172c    00000004     (.common:kc)
                  20001730    00000004     (.common:n)
                  20001734    00000004     (.common:s0c1)
                  20001738    00000004     (.common:s0k0)
                  2000173c    00000004     (.common:s0k1)
                  20001740    00000004     (.common:s1c1)
                  20001744    00000004     (.common:s1k0)
                  20001748    00000004     (.common:s1k1)
                  2000174c    00000004     (.common:s2c1)
                  20001750    00000004     (.common:s2k0)
                  20001754    00000004     (.common:s2k1)
                  20001758    00000004     (.common:sensorN)
                  2000175c    00000004     (.common:ultrasonic0C)
                  20001760    00000004     (.common:ultrasonic1C)
                  20001764    00000004     (.common:ultrasonic2C)
                  20001768    00000004     (.common:v0)
                  2000176c    00000004     (.common:v2)
                  20001770    00000004     (.common:variance)
                  20001774    00000004     (.common:x)
                  20001778    00000004     (.common:y)
                  2000177c    00000001     (.common:UL0)
                  2000177d    00000001     (.common:UL1)
                  2000177e    00000001     (.common:UL2)
                  2000177f    00000001     (.common:planeflag)
                  20001780    00000001     (.common:primepump)

.data      0    20001784    00000010     UNINITIALIZED
                  20001784    00000009     main.obj (.data)
                  2000178d    00000003     --HOLE--
                  20001790    00000004     rtsv7M4_T_le_v4SPD16_eabi.lib : errno.c.obj (.data)

.stack     0    20000000    00001000     UNINITIALIZED
                  20000000    00000004     rtsv7M4_T_le_v4SPD16_eabi.lib : boot_cortex_m.c.obj (.stack)
                  20000004    00000ffc     --HOLE--

__llvm_prf_cnts 
*          0    20000000    00000000     UNINITIALIZED

MODULE SUMMARY

       Module                         code    ro data   rw data
       ------                         ----    -------   -------
    .\
       main.obj                       9532    0         1930   
       gpio.obj                       2020    0         0      
       i2c0.obj                       964     0         0      
       tm4c123gh6pm_startup_ccs.obj   12      620       0      
       i2c0_lcd.obj                   302     0         0      
       uart0.obj                      296     0         0      
       nvic.obj                       212     0         0      
       eeprom.obj                     132     0         0      
       wait.obj                       32      0         0      
       clock.obj                      16      0         0      
    +--+------------------------------+-------+---------+---------+
       Total:                         13518   620       1930   
                                                               
    C:\ti\ccs1120\ccs\tools\compiler\ti-cgt-arm_20.2.5.LTS\lib\rtsv7M4_T_le_v4SPD16_eabi.lib
       _printfi.c.obj                 4851    0         0      
       fd_add_t2.asm.obj              438     0         0      
       fd_div_t2.asm.obj              310     0         0      
       s_scalbn.c.obj                 272     0         0      
       fd_cmp_t2.asm.obj              268     0         0      
       ctype.c.obj                    0       257       0      
       fd_mul_t2.asm.obj              252     0         0      
       memcpy_t2.asm.obj              156     0         0      
       ull_div_t2.asm.obj             150     0         0      
       memset_t2.asm.obj              122     0         0      
       copy_decompress_lzss.c.obj     104     0         0      
       s_frexp.c.obj                  100     0         0      
       sprintf.c.obj                  98      0         0      
       _ltoa.c.obj                    84      0         0      
       atoi.c.obj                     76      0         0      
       fd_toi_t2.asm.obj              72      0         0      
       autoinit.c.obj                 68      0         0      
       fd_tou_t2.asm.obj              68      0         0      
       fs_tod_t2.asm.obj              56      0         0      
       boot_cortex_m.c.obj            52      0         0      
       i_tofd_t2.asm.obj              46      0         0      
       u_tofd_t2.asm.obj              32      0         0      
       memccpy.c.obj                  28      0         0      
       s_copysign.c.obj               26      0         0      
       strchr.c.obj                   22      0         0      
       strlen.c.obj                   20      0         0      
       wcslen.c.obj                   18      0         0      
       copy_decompress_none.c.obj     14      0         0      
       copy_zero_init.c.obj           12      0         0      
       errno.c.obj                    8       0         4      
       exit.c.obj                     4       0         0      
       pre_init.c.obj                 4       0         0      
       div0.asm.obj                   2       0         0      
    +--+------------------------------+-------+---------+---------+
       Total:                         7833    257       4      
                                                               
       Stack:                         0       0         4096   
       Linker Generated:              0       43        0      
    +--+------------------------------+-------+---------+---------+
       Grand Total:                   21351   920       6030   


LINKER GENERATED COPY TABLES

__TI_cinit_table @ 00005700 records: 2, size/record: 8, table size: 16
	.bss: load addr=000056f0, load size=00000008 bytes, run addr=20001000, run size=00000781 bytes, compression=zero_init
	.data: load addr=000056f8, load size=00000007 bytes, run addr=20001784, run size=00000010 bytes, compression=lzss


LINKER GENERATED HANDLER TABLE

__TI_handler_table @ 000056e0 records: 3, size/record: 4, table size: 12
	index: 0, handler: __TI_decompress_lzss
	index: 1, handler: __TI_decompress_none
	index: 2, handler: __TI_zero_init


GLOBAL SYMBOLS: SORTED ALPHABETICALLY BY Name 

address   name                          
-------   ----                          
000055d5  C$$EXIT                       
000018f5  GPIOA_isr                     
200016da  NodSensor                     
000055b3  ResetISR                      
200016dc  S0_X                          
200016e0  S0_Y                          
200016e4  S1_X                          
200016e8  S1_Y                          
200016ec  S2_X                          
200016f0  S2_Y                          
2000177c  UL0                           
2000177d  UL1                           
2000177e  UL2                           
200016f4  Ux1                           
200016f8  Uy1                           
20001000  __STACK_END                   
00001000  __STACK_SIZE                  
20000200  __STACK_TOP                   
00005700  __TI_CINIT_Base               
00005710  __TI_CINIT_Limit              
000056e0  __TI_Handler_Table_Base       
000056ec  __TI_Handler_Table_Limit      
0000531d  __TI_auto_init_nobinit_nopinit
000050c1  __TI_decompress_lzss          
00005599  __TI_decompress_none          
000051e3  __TI_ltoa                     
ffffffff  __TI_pprof_out_hndl           
000027a9  __TI_printfi                  
ffffffff  __TI_prof_data_size           
ffffffff  __TI_prof_data_start          
00000000  __TI_static_base__            
000055a7  __TI_zero_init                
00004e49  __aeabi_cdcmpeq               
00004e49  __aeabi_cdcmple               
00004ecf  __aeabi_cdrcmple              
000052d5  __aeabi_d2iz                  
00005361  __aeabi_d2uiz                 
000041eb  __aeabi_dadd                  
000044d5  __aeabi_ddiv                  
00004a95  __aeabi_dmul                  
000041e1  __aeabi_dsub                  
000055c9  __aeabi_errno_addr            
00005423  __aeabi_f2d                   
00005491  __aeabi_i2d                   
000031f7  __aeabi_idiv0                 
000031f7  __aeabi_ldiv0                 
00004fd9  __aeabi_memclr                
00004fd9  __aeabi_memclr4               
00004fd9  __aeabi_memclr8               
00004d17  __aeabi_memcpy                
00004d17  __aeabi_memcpy4               
00004d17  __aeabi_memcpy8               
00004fdb  __aeabi_memset                
00004fdb  __aeabi_memset4               
00004fdb  __aeabi_memset8               
000054bf  __aeabi_ui2d                  
00004db3  __aeabi_uldivmod              
ffffffff  __binit__                     
ffffffff  __c_args__                    
UNDEFED   __mpu_init                    
20000000  __stack                       
20000000  __start___llvm_prf_cnts       
20000000  __stop___llvm_prf_cnts        
0000545d  _c_int00_noargs               
000055d8  _ctypes_                      
UNDEFED   _system_post_cinit            
000055d1  _system_pre_init              
000055d5  abort                         
00005289  atoi                          
200016fc  averageN                      
20001700  averageWriteIndex0            
20001704  averageWriteIndex1            
20001708  averageWriteIndex2            
2000170c  avgValue0                     
20001710  avgValue1                     
20001714  avgValue2                     
20001320  beepBuffer                    
20001718  beepReadIndex                 
2000171c  beepWriteIndex                
ffffffff  binit                         
0000384d  clearPinInterrupt             
0000551b  copysign                      
0000551b  copysignl                     
20001720  count                         
00004bc9  disableNvicInterrupt          
00003829  disablePinInterrupt           
00003561  disablePinPulldown            
00003519  disablePinPullup              
000032b5  disablePort                   
00004b91  enableNvicInterrupt           
00003805  enablePinInterrupt            
0000353d  enablePinPulldown             
000034eb  enablePinPullup               
000031f9  enablePort                    
20001790  errno                         
000008a9  findCordinates                
00005129  frexp                         
00005129  frexpl                        
00000000  g_pfnVectors                  
00000445  getFieldInteger               
00003897  getPinValue                   
0000394d  getPortValue                  
0000480f  getcUart0                     
00000681  getsUart0                     
00004f55  initEeprom                    
000019a9  initHw                        
000039dd  initI2c0                      
000018b1  initIRInterrupt               
000046ab  initLcd                       
00005589  initSystemClockTo40Mhz        
00004739  initUart0                     
000002b5  isCommand                     
00003d75  isI2c0Error                   
20001724  ka                            
20001728  kb                            
00004823  kbhitUart0                    
2000172c  kc                            
00004985  ldexp                         
00004985  ldexpl                        
00001c15  main                          
000054ff  memccpy                       
00004d17  memcpy                        
00004fe1  memset                        
20001640  msg                           
20001730  n                             
000004bf  parseFields                   
000006fb  planeDraw                     
2000177f  planeflag                     
00003d27  pollI2c0Address               
20001780  primepump                     
000047c7  putcUart0                     
000046dd  putsLcd                       
000047e3  putsUart0                     
00004f9d  readEeprom                    
00003a6d  readI2c0Data                  
00003bb1  readI2c0Register              
00003c0f  readI2c0Registers             
2000178c  reseteverything               
20001734  s0c1                          
20001738  s0k0                          
2000173c  s0k1                          
20001740  s1c1                          
20001744  s1k0                          
20001748  s1k1                          
2000174c  s2c1                          
20001750  s2k0                          
20001754  s2k1                          
00004985  scalbn                        
00004985  scalbnl                       
0000341f  selectPinAnalogInput          
000033d1  selectPinDigitalInput         
0000373b  selectPinInterruptBothEdges   
000036eb  selectPinInterruptFallingEdge 
00003791  selectPinInterruptHighLevel   
000037cb  selectPinInterruptLowLevel    
0000369b  selectPinInterruptRisingEdge  
00003383  selectPinOpenDrainOutput      
00003335  selectPinPushPullOutput       
200013e8  sensor0AveBuffer              
200014b0  sensor1AveBuffer              
20001578  sensor2AveBuffer              
20001758  sensorN                       
00004c01  setNvicInterruptPriority      
00003589  setPinAuxFunction             
0000346f  setPinCommitControl           
00003871  setPinValue                   
000038d1  setPortValue                  
00004783  setUart0BaudRate              
000053a5  sprintf                       
0000554d  strchr                        
0000026d  strcmp1                       
00005563  strlen                        
200016a6  strm                          
2000175c  ultrasonic0C                  
20001760  ultrasonic1C                  
20001764  ultrasonic2C                  
20001788  v                             
20001768  v0                            
20001784  v1                            
2000176c  v2                            
20001770  variance                      
000054df  waitMicrosecond               
00005577  wcslen                        
00000a2d  wideTimer0Isr                 
00000a6d  wideTimer1Isr                 
00000aa7  wideTimer2Isr                 
00000b45  wideTimer3Isr                 
00001559  wideTimer4Isr                 
0000076b  wideTimer5Isr                 
00004f6b  writeEeprom                   
00003a37  writeI2c0Data                 
00003aa1  writeI2c0Register             
00003af7  writeI2c0Registers            
0000460b  writeTextLcdCommand           
0000465b  writeTextLcdData              
20001774  x                             
20001000  x1                            
20001778  y                             
20001190  y1                            


GLOBAL SYMBOLS: SORTED BY Symbol Address 

address   name                          
-------   ----                          
00000000  __TI_static_base__            
00000000  g_pfnVectors                  
0000026d  strcmp1                       
000002b5  isCommand                     
00000445  getFieldInteger               
000004bf  parseFields                   
00000681  getsUart0                     
000006fb  planeDraw                     
0000076b  wideTimer5Isr                 
000008a9  findCordinates                
00000a2d  wideTimer0Isr                 
00000a6d  wideTimer1Isr                 
00000aa7  wideTimer2Isr                 
00000b45  wideTimer3Isr                 
00001000  __STACK_SIZE                  
00001559  wideTimer4Isr                 
000018b1  initIRInterrupt               
000018f5  GPIOA_isr                     
000019a9  initHw                        
00001c15  main                          
000027a9  __TI_printfi                  
000031f7  __aeabi_idiv0                 
000031f7  __aeabi_ldiv0                 
000031f9  enablePort                    
000032b5  disablePort                   
00003335  selectPinPushPullOutput       
00003383  selectPinOpenDrainOutput      
000033d1  selectPinDigitalInput         
0000341f  selectPinAnalogInput          
0000346f  setPinCommitControl           
000034eb  enablePinPullup               
00003519  disablePinPullup              
0000353d  enablePinPulldown             
00003561  disablePinPulldown            
00003589  setPinAuxFunction             
0000369b  selectPinInterruptRisingEdge  
000036eb  selectPinInterruptFallingEdge 
0000373b  selectPinInterruptBothEdges   
00003791  selectPinInterruptHighLevel   
000037cb  selectPinInterruptLowLevel    
00003805  enablePinInterrupt            
00003829  disablePinInterrupt           
0000384d  clearPinInterrupt             
00003871  setPinValue                   
00003897  getPinValue                   
000038d1  setPortValue                  
0000394d  getPortValue                  
000039dd  initI2c0                      
00003a37  writeI2c0Data                 
00003a6d  readI2c0Data                  
00003aa1  writeI2c0Register             
00003af7  writeI2c0Registers            
00003bb1  readI2c0Register              
00003c0f  readI2c0Registers             
00003d27  pollI2c0Address               
00003d75  isI2c0Error                   
000041e1  __aeabi_dsub                  
000041eb  __aeabi_dadd                  
000044d5  __aeabi_ddiv                  
0000460b  writeTextLcdCommand           
0000465b  writeTextLcdData              
000046ab  initLcd                       
000046dd  putsLcd                       
00004739  initUart0                     
00004783  setUart0BaudRate              
000047c7  putcUart0                     
000047e3  putsUart0                     
0000480f  getcUart0                     
00004823  kbhitUart0                    
00004985  ldexp                         
00004985  ldexpl                        
00004985  scalbn                        
00004985  scalbnl                       
00004a95  __aeabi_dmul                  
00004b91  enableNvicInterrupt           
00004bc9  disableNvicInterrupt          
00004c01  setNvicInterruptPriority      
00004d17  __aeabi_memcpy                
00004d17  __aeabi_memcpy4               
00004d17  __aeabi_memcpy8               
00004d17  memcpy                        
00004db3  __aeabi_uldivmod              
00004e49  __aeabi_cdcmpeq               
00004e49  __aeabi_cdcmple               
00004ecf  __aeabi_cdrcmple              
00004f55  initEeprom                    
00004f6b  writeEeprom                   
00004f9d  readEeprom                    
00004fd9  __aeabi_memclr                
00004fd9  __aeabi_memclr4               
00004fd9  __aeabi_memclr8               
00004fdb  __aeabi_memset                
00004fdb  __aeabi_memset4               
00004fdb  __aeabi_memset8               
00004fe1  memset                        
000050c1  __TI_decompress_lzss          
00005129  frexp                         
00005129  frexpl                        
000051e3  __TI_ltoa                     
00005289  atoi                          
000052d5  __aeabi_d2iz                  
0000531d  __TI_auto_init_nobinit_nopinit
00005361  __aeabi_d2uiz                 
000053a5  sprintf                       
00005423  __aeabi_f2d                   
0000545d  _c_int00_noargs               
00005491  __aeabi_i2d                   
000054bf  __aeabi_ui2d                  
000054df  waitMicrosecond               
000054ff  memccpy                       
0000551b  copysign                      
0000551b  copysignl                     
0000554d  strchr                        
00005563  strlen                        
00005577  wcslen                        
00005589  initSystemClockTo40Mhz        
00005599  __TI_decompress_none          
000055a7  __TI_zero_init                
000055b3  ResetISR                      
000055c9  __aeabi_errno_addr            
000055d1  _system_pre_init              
000055d5  C$$EXIT                       
000055d5  abort                         
000055d8  _ctypes_                      
000056e0  __TI_Handler_Table_Base       
000056ec  __TI_Handler_Table_Limit      
00005700  __TI_CINIT_Base               
00005710  __TI_CINIT_Limit              
20000000  __stack                       
20000000  __start___llvm_prf_cnts       
20000000  __stop___llvm_prf_cnts        
20000200  __STACK_TOP                   
20001000  __STACK_END                   
20001000  x1                            
20001190  y1                            
20001320  beepBuffer                    
200013e8  sensor0AveBuffer              
200014b0  sensor1AveBuffer              
20001578  sensor2AveBuffer              
20001640  msg                           
200016a6  strm                          
200016da  NodSensor                     
200016dc  S0_X                          
200016e0  S0_Y                          
200016e4  S1_X                          
200016e8  S1_Y                          
200016ec  S2_X                          
200016f0  S2_Y                          
200016f4  Ux1                           
200016f8  Uy1                           
200016fc  averageN                      
20001700  averageWriteIndex0            
20001704  averageWriteIndex1            
20001708  averageWriteIndex2            
2000170c  avgValue0                     
20001710  avgValue1                     
20001714  avgValue2                     
20001718  beepReadIndex                 
2000171c  beepWriteIndex                
20001720  count                         
20001724  ka                            
20001728  kb                            
2000172c  kc                            
20001730  n                             
20001734  s0c1                          
20001738  s0k0                          
2000173c  s0k1                          
20001740  s1c1                          
20001744  s1k0                          
20001748  s1k1                          
2000174c  s2c1                          
20001750  s2k0                          
20001754  s2k1                          
20001758  sensorN                       
2000175c  ultrasonic0C                  
20001760  ultrasonic1C                  
20001764  ultrasonic2C                  
20001768  v0                            
2000176c  v2                            
20001770  variance                      
20001774  x                             
20001778  y                             
2000177c  UL0                           
2000177d  UL1                           
2000177e  UL2                           
2000177f  planeflag                     
20001780  primepump                     
20001784  v1                            
20001788  v                             
2000178c  reseteverything               
20001790  errno                         
ffffffff  __TI_pprof_out_hndl           
ffffffff  __TI_prof_data_size           
ffffffff  __TI_prof_data_start          
ffffffff  __binit__                     
ffffffff  __c_args__                    
ffffffff  binit                         
UNDEFED   __mpu_init                    
UNDEFED   _system_post_cinit            

[199 symbols]
